[2026-01-15T11:21:42.424+0000] {local_task_job_runner.py:120} INFO - ::group::Pre task execution logs
[2026-01-15T11:21:42.455+0000] {taskinstance.py:2076} INFO - Dependencies all met for dep_context=non-requeueable deps ti=<TaskInstance: monitoring_retraining_pipeline.initial_baseline_register_prod scheduled__2026-01-14T00:00:00+00:00 [queued]>
[2026-01-15T11:21:42.462+0000] {taskinstance.py:2076} INFO - Dependencies all met for dep_context=requeueable deps ti=<TaskInstance: monitoring_retraining_pipeline.initial_baseline_register_prod scheduled__2026-01-14T00:00:00+00:00 [queued]>
[2026-01-15T11:21:42.463+0000] {taskinstance.py:2306} INFO - Starting attempt 1 of 1
[2026-01-15T11:21:42.474+0000] {taskinstance.py:2330} INFO - Executing <Task(PythonOperator): initial_baseline_register_prod> on 2026-01-14 00:00:00+00:00
[2026-01-15T11:21:42.480+0000] {standard_task_runner.py:64} INFO - Started process 510 to run task
[2026-01-15T11:21:42.484+0000] {standard_task_runner.py:90} INFO - Running: ['***', 'tasks', 'run', 'monitoring_retraining_pipeline', 'initial_baseline_register_prod', 'scheduled__2026-01-14T00:00:00+00:00', '--job-id', '6', '--raw', '--subdir', 'DAGS_FOLDER/monitoring_retraining_dag.py', '--cfg-path', '/tmp/tmpw45owndx']
[2026-01-15T11:21:42.487+0000] {standard_task_runner.py:91} INFO - Job 6: Subtask initial_baseline_register_prod
[2026-01-15T11:21:42.562+0000] {task_command.py:426} INFO - Running <TaskInstance: monitoring_retraining_pipeline.initial_baseline_register_prod scheduled__2026-01-14T00:00:00+00:00 [running]> on host 9179d4cffed9
[2026-01-15T11:21:42.653+0000] {taskinstance.py:2648} INFO - Exporting env vars: AIRFLOW_CTX_DAG_OWNER='mlops' AIRFLOW_CTX_DAG_ID='monitoring_retraining_pipeline' AIRFLOW_CTX_TASK_ID='initial_baseline_register_prod' AIRFLOW_CTX_EXECUTION_DATE='2026-01-14T00:00:00+00:00' AIRFLOW_CTX_TRY_NUMBER='1' AIRFLOW_CTX_DAG_RUN_ID='scheduled__2026-01-14T00:00:00+00:00'
[2026-01-15T11:21:42.655+0000] {taskinstance.py:430} INFO - ::endgroup::
[2026-01-15T11:21:43.837+0000] {logging_mixin.py:188} WARNING - Successfully registered model 'wine_quality_binary_model'.
[2026-01-15T11:21:43.865+0000] {logging_mixin.py:188} WARNING - 2026/01/15 11:21:43 INFO mlflow.store.model_registry.abstract_store: Waiting up to 300 seconds for model version to finish creation. Model name: wine_quality_binary_model, version 1
[2026-01-15T11:21:43.866+0000] {logging_mixin.py:188} WARNING - Created version '1' of model 'wine_quality_binary_model'.
[2026-01-15T11:21:43.887+0000] {logging_mixin.py:188} WARNING - /opt/***/src/register_mlflow.py:22 FutureWarning: ``mlflow.tracking.client.MlflowClient.transition_model_version_stage`` is deprecated since 2.9.0. Model registry stages will be removed in a future major release. To learn more about the deprecation of model registry stages, see our migration guide here: https://mlflow.org/docs/2.12.2/model-registry.html#migrating-from-stages
[2026-01-15T11:21:43.903+0000] {python.py:237} INFO - Done. Returned value was: {'model_name': 'wine_quality_binary_model', 'version': '1', 'stage': 'Production'}
[2026-01-15T11:21:43.903+0000] {taskinstance.py:441} INFO - ::group::Post task execution logs
[2026-01-15T11:21:43.931+0000] {taskinstance.py:1206} INFO - Marking task as SUCCESS. dag_id=monitoring_retraining_pipeline, task_id=initial_baseline_register_prod, run_id=scheduled__2026-01-14T00:00:00+00:00, execution_date=20260114T000000, start_date=20260115T112142, end_date=20260115T112143
[2026-01-15T11:21:43.982+0000] {local_task_job_runner.py:243} INFO - Task exited with return code 0
[2026-01-15T11:21:44.009+0000] {taskinstance.py:3503} INFO - 0 downstream tasks scheduled from follow-on schedule check
[2026-01-15T11:21:44.011+0000] {local_task_job_runner.py:222} INFO - ::endgroup::
