[2026-01-15T12:33:35.377+0000] {local_task_job_runner.py:120} INFO - ::group::Pre task execution logs
[2026-01-15T12:33:35.406+0000] {taskinstance.py:2076} INFO - Dependencies all met for dep_context=non-requeueable deps ti=<TaskInstance: monitoring_retraining_pipeline.register_model manual__2026-01-15T12:32:51.071007+00:00 [queued]>
[2026-01-15T12:33:35.413+0000] {taskinstance.py:2076} INFO - Dependencies all met for dep_context=requeueable deps ti=<TaskInstance: monitoring_retraining_pipeline.register_model manual__2026-01-15T12:32:51.071007+00:00 [queued]>
[2026-01-15T12:33:35.414+0000] {taskinstance.py:2306} INFO - Starting attempt 1 of 1
[2026-01-15T12:33:35.424+0000] {taskinstance.py:2330} INFO - Executing <Task(PythonOperator): register_model> on 2026-01-15 12:32:51.071007+00:00
[2026-01-15T12:33:35.430+0000] {standard_task_runner.py:64} INFO - Started process 1391 to run task
[2026-01-15T12:33:35.434+0000] {standard_task_runner.py:90} INFO - Running: ['***', 'tasks', 'run', 'monitoring_retraining_pipeline', 'register_model', 'manual__2026-01-15T12:32:51.071007+00:00', '--job-id', '18', '--raw', '--subdir', 'DAGS_FOLDER/monitoring_retraining_dag.py', '--cfg-path', '/tmp/tmpqwenusdw']
[2026-01-15T12:33:35.437+0000] {standard_task_runner.py:91} INFO - Job 18: Subtask register_model
[2026-01-15T12:33:35.504+0000] {task_command.py:426} INFO - Running <TaskInstance: monitoring_retraining_pipeline.register_model manual__2026-01-15T12:32:51.071007+00:00 [running]> on host 38a5c3da6727
[2026-01-15T12:33:35.598+0000] {taskinstance.py:2648} INFO - Exporting env vars: AIRFLOW_CTX_DAG_OWNER='mlops' AIRFLOW_CTX_DAG_ID='monitoring_retraining_pipeline' AIRFLOW_CTX_TASK_ID='register_model' AIRFLOW_CTX_EXECUTION_DATE='2026-01-15T12:32:51.071007+00:00' AIRFLOW_CTX_TRY_NUMBER='1' AIRFLOW_CTX_DAG_RUN_ID='manual__2026-01-15T12:32:51.071007+00:00'
[2026-01-15T12:33:35.599+0000] {taskinstance.py:430} INFO - ::endgroup::
[2026-01-15T12:33:36.782+0000] {logging_mixin.py:188} WARNING - Registered model 'wine_quality_binary_model' already exists. Creating a new version of this model...
[2026-01-15T12:33:36.813+0000] {logging_mixin.py:188} WARNING - 2026/01/15 12:33:36 INFO mlflow.store.model_registry.abstract_store: Waiting up to 300 seconds for model version to finish creation. Model name: wine_quality_binary_model, version 3
[2026-01-15T12:33:36.814+0000] {logging_mixin.py:188} WARNING - Created version '3' of model 'wine_quality_binary_model'.
[2026-01-15T12:33:36.828+0000] {logging_mixin.py:188} WARNING - /opt/***/src/register_mlflow.py:22 FutureWarning: ``mlflow.tracking.client.MlflowClient.transition_model_version_stage`` is deprecated since 2.9.0. Model registry stages will be removed in a future major release. To learn more about the deprecation of model registry stages, see our migration guide here: https://mlflow.org/docs/2.12.2/model-registry.html#migrating-from-stages
[2026-01-15T12:33:36.839+0000] {python.py:237} INFO - Done. Returned value was: {'model_name': 'wine_quality_binary_model', 'version': '3', 'stage': 'Staging'}
[2026-01-15T12:33:36.840+0000] {taskinstance.py:441} INFO - ::group::Post task execution logs
[2026-01-15T12:33:36.866+0000] {taskinstance.py:1206} INFO - Marking task as SUCCESS. dag_id=monitoring_retraining_pipeline, task_id=register_model, run_id=manual__2026-01-15T12:32:51.071007+00:00, execution_date=20260115T123251, start_date=20260115T123335, end_date=20260115T123336
[2026-01-15T12:33:36.931+0000] {local_task_job_runner.py:243} INFO - Task exited with return code 0
[2026-01-15T12:33:36.967+0000] {taskinstance.py:3503} INFO - 0 downstream tasks scheduled from follow-on schedule check
[2026-01-15T12:33:36.971+0000] {local_task_job_runner.py:222} INFO - ::endgroup::
