[2026-01-15T12:23:44.157+0000] {local_task_job_runner.py:120} INFO - ::group::Pre task execution logs
[2026-01-15T12:23:44.211+0000] {taskinstance.py:2076} INFO - Dependencies all met for dep_context=non-requeueable deps ti=<TaskInstance: monitoring_retraining_pipeline.branch_on_drift manual__2026-01-15T12:22:54.009486+00:00 [queued]>
[2026-01-15T12:23:44.226+0000] {taskinstance.py:2076} INFO - Dependencies all met for dep_context=requeueable deps ti=<TaskInstance: monitoring_retraining_pipeline.branch_on_drift manual__2026-01-15T12:22:54.009486+00:00 [queued]>
[2026-01-15T12:23:44.229+0000] {taskinstance.py:2306} INFO - Starting attempt 1 of 1
[2026-01-15T12:23:44.247+0000] {taskinstance.py:2330} INFO - Executing <Task(BranchPythonOperator): branch_on_drift> on 2026-01-15 12:22:54.009486+00:00
[2026-01-15T12:23:44.256+0000] {standard_task_runner.py:64} INFO - Started process 648 to run task
[2026-01-15T12:23:44.262+0000] {standard_task_runner.py:90} INFO - Running: ['***', 'tasks', 'run', 'monitoring_retraining_pipeline', 'branch_on_drift', 'manual__2026-01-15T12:22:54.009486+00:00', '--job-id', '8', '--raw', '--subdir', 'DAGS_FOLDER/monitoring_retraining_dag.py', '--cfg-path', '/tmp/tmp34r1cpd2']
[2026-01-15T12:23:44.267+0000] {standard_task_runner.py:91} INFO - Job 8: Subtask branch_on_drift
[2026-01-15T12:23:44.353+0000] {task_command.py:426} INFO - Running <TaskInstance: monitoring_retraining_pipeline.branch_on_drift manual__2026-01-15T12:22:54.009486+00:00 [running]> on host 38a5c3da6727
[2026-01-15T12:23:44.439+0000] {taskinstance.py:2648} INFO - Exporting env vars: AIRFLOW_CTX_DAG_OWNER='mlops' AIRFLOW_CTX_DAG_ID='monitoring_retraining_pipeline' AIRFLOW_CTX_TASK_ID='branch_on_drift' AIRFLOW_CTX_EXECUTION_DATE='2026-01-15T12:22:54.009486+00:00' AIRFLOW_CTX_TRY_NUMBER='1' AIRFLOW_CTX_DAG_RUN_ID='manual__2026-01-15T12:22:54.009486+00:00'
[2026-01-15T12:23:44.440+0000] {taskinstance.py:430} INFO - ::endgroup::
[2026-01-15T12:23:44.450+0000] {baseoperator.py:400} WARNING - BranchPythonOperator.execute cannot be called outside TaskInstance!
[2026-01-15T12:23:44.465+0000] {python.py:237} INFO - Done. Returned value was: retrain_automl
[2026-01-15T12:23:44.465+0000] {branch.py:36} INFO - Branch into retrain_automl
[2026-01-15T12:23:44.466+0000] {skipmixin.py:178} INFO - Following branch retrain_automl
[2026-01-15T12:23:44.494+0000] {skipmixin.py:246} INFO - Skipping tasks [('no_retrain', -1)]
[2026-01-15T12:23:44.524+0000] {taskinstance.py:441} INFO - ::group::Post task execution logs
[2026-01-15T12:23:44.550+0000] {taskinstance.py:1206} INFO - Marking task as SUCCESS. dag_id=monitoring_retraining_pipeline, task_id=branch_on_drift, run_id=manual__2026-01-15T12:22:54.009486+00:00, execution_date=20260115T122254, start_date=20260115T122344, end_date=20260115T122344
[2026-01-15T12:23:44.596+0000] {local_task_job_runner.py:243} INFO - Task exited with return code 0
[2026-01-15T12:23:44.630+0000] {taskinstance.py:3503} INFO - 1 downstream tasks scheduled from follow-on schedule check
[2026-01-15T12:23:44.633+0000] {local_task_job_runner.py:222} INFO - ::endgroup::
