[2026-01-15T12:25:58.462+0000] {local_task_job_runner.py:120} INFO - ::group::Pre task execution logs
[2026-01-15T12:25:58.489+0000] {taskinstance.py:2076} INFO - Dependencies all met for dep_context=non-requeueable deps ti=<TaskInstance: monitoring_retraining_pipeline.branch_on_initial_baseline manual__2026-01-15T12:25:56.917901+00:00 [queued]>
[2026-01-15T12:25:58.496+0000] {taskinstance.py:2076} INFO - Dependencies all met for dep_context=requeueable deps ti=<TaskInstance: monitoring_retraining_pipeline.branch_on_initial_baseline manual__2026-01-15T12:25:56.917901+00:00 [queued]>
[2026-01-15T12:25:58.497+0000] {taskinstance.py:2306} INFO - Starting attempt 1 of 1
[2026-01-15T12:25:58.508+0000] {taskinstance.py:2330} INFO - Executing <Task(BranchPythonOperator): branch_on_initial_baseline> on 2026-01-15 12:25:56.917901+00:00
[2026-01-15T12:25:58.514+0000] {standard_task_runner.py:64} INFO - Started process 967 to run task
[2026-01-15T12:25:58.517+0000] {standard_task_runner.py:90} INFO - Running: ['***', 'tasks', 'run', 'monitoring_retraining_pipeline', 'branch_on_initial_baseline', 'manual__2026-01-15T12:25:56.917901+00:00', '--job-id', '11', '--raw', '--subdir', 'DAGS_FOLDER/monitoring_retraining_dag.py', '--cfg-path', '/tmp/tmpew3ga4pg']
[2026-01-15T12:25:58.520+0000] {standard_task_runner.py:91} INFO - Job 11: Subtask branch_on_initial_baseline
[2026-01-15T12:25:58.593+0000] {task_command.py:426} INFO - Running <TaskInstance: monitoring_retraining_pipeline.branch_on_initial_baseline manual__2026-01-15T12:25:56.917901+00:00 [running]> on host 38a5c3da6727
[2026-01-15T12:25:58.689+0000] {taskinstance.py:2648} INFO - Exporting env vars: AIRFLOW_CTX_DAG_OWNER='mlops' AIRFLOW_CTX_DAG_ID='monitoring_retraining_pipeline' AIRFLOW_CTX_TASK_ID='branch_on_initial_baseline' AIRFLOW_CTX_EXECUTION_DATE='2026-01-15T12:25:56.917901+00:00' AIRFLOW_CTX_TRY_NUMBER='1' AIRFLOW_CTX_DAG_RUN_ID='manual__2026-01-15T12:25:56.917901+00:00'
[2026-01-15T12:25:58.691+0000] {taskinstance.py:430} INFO - ::endgroup::
[2026-01-15T12:25:58.703+0000] {baseoperator.py:400} WARNING - BranchPythonOperator.execute cannot be called outside TaskInstance!
[2026-01-15T12:25:59.678+0000] {logging_mixin.py:188} WARNING - /opt/***/dags/monitoring_retraining_dag.py:47 FutureWarning: ``mlflow.tracking.client.MlflowClient.get_latest_versions`` is deprecated since 2.9.0. Model registry stages will be removed in a future major release. To learn more about the deprecation of model registry stages, see our migration guide here: https://mlflow.org/docs/2.12.2/model-registry.html#migrating-from-stages
[2026-01-15T12:26:00.082+0000] {python.py:237} INFO - Done. Returned value was: skip_bootstrap
[2026-01-15T12:26:00.083+0000] {branch.py:36} INFO - Branch into skip_bootstrap
[2026-01-15T12:26:00.083+0000] {skipmixin.py:178} INFO - Following branch skip_bootstrap
[2026-01-15T12:26:00.084+0000] {taskinstance.py:441} INFO - ::group::Post task execution logs
[2026-01-15T12:26:00.101+0000] {taskinstance.py:2905} ERROR - Task failed with exception
Traceback (most recent call last):
  File "/home/airflow/.local/lib/python3.11/site-packages/airflow/models/taskinstance.py", line 465, in _execute_task
    result = _execute_callable(context=context, **execute_callable_kwargs)
             ^^^^^^^^^^^^^^^^^^^^^^^^^^^^^^^^^^^^^^^^^^^^^^^^^^^^^^^^^^^^^
  File "/home/airflow/.local/lib/python3.11/site-packages/airflow/models/taskinstance.py", line 432, in _execute_callable
    return execute_callable(context=context, **execute_callable_kwargs)
           ^^^^^^^^^^^^^^^^^^^^^^^^^^^^^^^^^^^^^^^^^^^^^^^^^^^^^^^^^^^^
  File "/home/airflow/.local/lib/python3.11/site-packages/airflow/models/baseoperator.py", line 401, in wrapper
    return func(self, *args, **kwargs)
           ^^^^^^^^^^^^^^^^^^^^^^^^^^^
  File "/home/airflow/.local/lib/python3.11/site-packages/airflow/operators/python.py", line 269, in execute
    return self.do_branch(context, super().execute(context))
           ^^^^^^^^^^^^^^^^^^^^^^^^^^^^^^^^^^^^^^^^^^^^^^^^^
  File "/home/airflow/.local/lib/python3.11/site-packages/airflow/operators/branch.py", line 37, in do_branch
    self.skip_all_except(context["ti"], branches_to_execute)
  File "/home/airflow/.local/lib/python3.11/site-packages/airflow/models/skipmixin.py", line 215, in skip_all_except
    raise AirflowException(
airflow.exceptions.AirflowException: 'branch_task_ids' must contain only valid task_ids. Invalid tasks found: {'skip_bootstrap'}.
[2026-01-15T12:26:00.105+0000] {taskinstance.py:1206} INFO - Marking task as FAILED. dag_id=monitoring_retraining_pipeline, task_id=branch_on_initial_baseline, run_id=manual__2026-01-15T12:25:56.917901+00:00, execution_date=20260115T122556, start_date=20260115T122558, end_date=20260115T122600
[2026-01-15T12:26:00.117+0000] {standard_task_runner.py:110} ERROR - Failed to execute job 11 for task branch_on_initial_baseline ('branch_task_ids' must contain only valid task_ids. Invalid tasks found: {'skip_bootstrap'}.; 967)
[2026-01-15T12:26:00.145+0000] {local_task_job_runner.py:243} INFO - Task exited with return code 1
[2026-01-15T12:26:00.172+0000] {taskinstance.py:3503} INFO - 0 downstream tasks scheduled from follow-on schedule check
[2026-01-15T12:26:00.177+0000] {local_task_job_runner.py:222} INFO - ::endgroup::
