[2026-01-15T11:21:00.855+0000] {local_task_job_runner.py:120} INFO - ::group::Pre task execution logs
[2026-01-15T11:21:00.885+0000] {taskinstance.py:2076} INFO - Dependencies all met for dep_context=non-requeueable deps ti=<TaskInstance: monitoring_retraining_pipeline.branch_on_bootstrap manual__2026-01-15T11:20:58.491765+00:00 [queued]>
[2026-01-15T11:21:00.891+0000] {taskinstance.py:2076} INFO - Dependencies all met for dep_context=requeueable deps ti=<TaskInstance: monitoring_retraining_pipeline.branch_on_bootstrap manual__2026-01-15T11:20:58.491765+00:00 [queued]>
[2026-01-15T11:21:00.892+0000] {taskinstance.py:2306} INFO - Starting attempt 1 of 1
[2026-01-15T11:21:00.901+0000] {taskinstance.py:2330} INFO - Executing <Task(BranchPythonOperator): branch_on_bootstrap> on 2026-01-15 11:20:58.491765+00:00
[2026-01-15T11:21:00.907+0000] {standard_task_runner.py:64} INFO - Started process 193 to run task
[2026-01-15T11:21:00.911+0000] {standard_task_runner.py:90} INFO - Running: ['***', 'tasks', 'run', 'monitoring_retraining_pipeline', 'branch_on_bootstrap', 'manual__2026-01-15T11:20:58.491765+00:00', '--job-id', '2', '--raw', '--subdir', 'DAGS_FOLDER/monitoring_retraining_dag.py', '--cfg-path', '/tmp/tmp50_3_d20']
[2026-01-15T11:21:00.915+0000] {standard_task_runner.py:91} INFO - Job 2: Subtask branch_on_bootstrap
[2026-01-15T11:21:00.996+0000] {task_command.py:426} INFO - Running <TaskInstance: monitoring_retraining_pipeline.branch_on_bootstrap manual__2026-01-15T11:20:58.491765+00:00 [running]> on host 9179d4cffed9
[2026-01-15T11:21:01.115+0000] {taskinstance.py:2648} INFO - Exporting env vars: AIRFLOW_CTX_DAG_OWNER='mlops' AIRFLOW_CTX_DAG_ID='monitoring_retraining_pipeline' AIRFLOW_CTX_TASK_ID='branch_on_bootstrap' AIRFLOW_CTX_EXECUTION_DATE='2026-01-15T11:20:58.491765+00:00' AIRFLOW_CTX_TRY_NUMBER='1' AIRFLOW_CTX_DAG_RUN_ID='manual__2026-01-15T11:20:58.491765+00:00'
[2026-01-15T11:21:01.116+0000] {taskinstance.py:430} INFO - ::endgroup::
[2026-01-15T11:21:01.155+0000] {baseoperator.py:400} WARNING - BranchPythonOperator.execute cannot be called outside TaskInstance!
[2026-01-15T11:21:02.526+0000] {logging_mixin.py:188} WARNING - /opt/***/dags/monitoring_retraining_dag.py:47 FutureWarning: ``mlflow.tracking.client.MlflowClient.get_latest_versions`` is deprecated since 2.9.0. Model registry stages will be removed in a future major release. To learn more about the deprecation of model registry stages, see our migration guide here: https://mlflow.org/docs/2.12.2/model-registry.html#migrating-from-stages
[2026-01-15T11:21:03.035+0000] {python.py:237} INFO - Done. Returned value was: initial_baseline_train
[2026-01-15T11:21:03.036+0000] {branch.py:36} INFO - Branch into initial_baseline_train
[2026-01-15T11:21:03.037+0000] {skipmixin.py:178} INFO - Following branch initial_baseline_train
[2026-01-15T11:21:03.065+0000] {skipmixin.py:246} INFO - Skipping tasks [('skip_bootstrap', -1)]
[2026-01-15T11:21:03.096+0000] {taskinstance.py:441} INFO - ::group::Post task execution logs
[2026-01-15T11:21:03.123+0000] {taskinstance.py:1206} INFO - Marking task as SUCCESS. dag_id=monitoring_retraining_pipeline, task_id=branch_on_bootstrap, run_id=manual__2026-01-15T11:20:58.491765+00:00, execution_date=20260115T112058, start_date=20260115T112100, end_date=20260115T112103
[2026-01-15T11:21:03.179+0000] {local_task_job_runner.py:243} INFO - Task exited with return code 0
[2026-01-15T11:21:03.226+0000] {taskinstance.py:3503} INFO - 1 downstream tasks scheduled from follow-on schedule check
[2026-01-15T11:21:03.230+0000] {local_task_job_runner.py:222} INFO - ::endgroup::
