[2026-01-16T06:51:20.575+0000] {local_task_job_runner.py:120} INFO - ::group::Pre task execution logs
[2026-01-16T06:51:20.707+0000] {taskinstance.py:2076} INFO - Dependencies all met for dep_context=non-requeueable deps ti=<TaskInstance: monitoring_retraining_pipeline.branch_on_drift manual__2026-01-16T06:51:11.171187+00:00 [queued]>
[2026-01-16T06:51:20.740+0000] {taskinstance.py:2076} INFO - Dependencies all met for dep_context=requeueable deps ti=<TaskInstance: monitoring_retraining_pipeline.branch_on_drift manual__2026-01-16T06:51:11.171187+00:00 [queued]>
[2026-01-16T06:51:20.758+0000] {taskinstance.py:2306} INFO - Starting attempt 1 of 1
[2026-01-16T06:51:20.806+0000] {taskinstance.py:2330} INFO - Executing <Task(BranchPythonOperator): branch_on_drift> on 2026-01-16 06:51:11.171187+00:00
[2026-01-16T06:51:20.832+0000] {standard_task_runner.py:64} INFO - Started process 191 to run task
[2026-01-16T06:51:20.828+0000] {standard_task_runner.py:90} INFO - Running: ['***', 'tasks', 'run', 'monitoring_retraining_pipeline', 'branch_on_drift', 'manual__2026-01-16T06:51:11.171187+00:00', '--job-id', '28', '--raw', '--subdir', 'DAGS_FOLDER/monitoring_retraining_dag.py', '--cfg-path', '/tmp/tmpfhh54aqv']
[2026-01-16T06:51:20.865+0000] {standard_task_runner.py:91} INFO - Job 28: Subtask branch_on_drift
[2026-01-16T06:51:21.118+0000] {task_command.py:426} INFO - Running <TaskInstance: monitoring_retraining_pipeline.branch_on_drift manual__2026-01-16T06:51:11.171187+00:00 [running]> on host 38a5c3da6727
[2026-01-16T06:51:21.424+0000] {taskinstance.py:2648} INFO - Exporting env vars: AIRFLOW_CTX_DAG_OWNER='mlops' AIRFLOW_CTX_DAG_ID='monitoring_retraining_pipeline' AIRFLOW_CTX_TASK_ID='branch_on_drift' AIRFLOW_CTX_EXECUTION_DATE='2026-01-16T06:51:11.171187+00:00' AIRFLOW_CTX_TRY_NUMBER='1' AIRFLOW_CTX_DAG_RUN_ID='manual__2026-01-16T06:51:11.171187+00:00'
[2026-01-16T06:51:21.429+0000] {taskinstance.py:430} INFO - ::endgroup::
[2026-01-16T06:51:21.460+0000] {baseoperator.py:400} WARNING - BranchPythonOperator.execute cannot be called outside TaskInstance!
[2026-01-16T06:51:21.492+0000] {python.py:237} INFO - Done. Returned value was: no_retrain
[2026-01-16T06:51:21.495+0000] {branch.py:36} INFO - Branch into no_retrain
[2026-01-16T06:51:21.496+0000] {skipmixin.py:178} INFO - Following branch no_retrain
[2026-01-16T06:51:21.549+0000] {skipmixin.py:246} INFO - Skipping tasks [('retrain_automl', -1)]
[2026-01-16T06:51:21.613+0000] {taskinstance.py:441} INFO - ::group::Post task execution logs
[2026-01-16T06:51:21.648+0000] {taskinstance.py:1206} INFO - Marking task as SUCCESS. dag_id=monitoring_retraining_pipeline, task_id=branch_on_drift, run_id=manual__2026-01-16T06:51:11.171187+00:00, execution_date=20260116T065111, start_date=20260116T065120, end_date=20260116T065121
[2026-01-16T06:51:21.705+0000] {local_task_job_runner.py:243} INFO - Task exited with return code 0
[2026-01-16T06:51:21.761+0000] {taskinstance.py:3503} INFO - 0 downstream tasks scheduled from follow-on schedule check
[2026-01-16T06:51:21.768+0000] {local_task_job_runner.py:222} INFO - ::endgroup::
