[2026-01-15T11:21:48.479+0000] {local_task_job_runner.py:120} INFO - ::group::Pre task execution logs
[2026-01-15T11:21:48.508+0000] {taskinstance.py:2076} INFO - Dependencies all met for dep_context=non-requeueable deps ti=<TaskInstance: monitoring_retraining_pipeline.branch_on_drift scheduled__2026-01-14T00:00:00+00:00 [queued]>
[2026-01-15T11:21:48.516+0000] {taskinstance.py:2076} INFO - Dependencies all met for dep_context=requeueable deps ti=<TaskInstance: monitoring_retraining_pipeline.branch_on_drift scheduled__2026-01-14T00:00:00+00:00 [queued]>
[2026-01-15T11:21:48.519+0000] {taskinstance.py:2306} INFO - Starting attempt 1 of 1
[2026-01-15T11:21:48.530+0000] {taskinstance.py:2330} INFO - Executing <Task(BranchPythonOperator): branch_on_drift> on 2026-01-14 00:00:00+00:00
[2026-01-15T11:21:48.536+0000] {standard_task_runner.py:64} INFO - Started process 523 to run task
[2026-01-15T11:21:48.540+0000] {standard_task_runner.py:90} INFO - Running: ['***', 'tasks', 'run', 'monitoring_retraining_pipeline', 'branch_on_drift', 'scheduled__2026-01-14T00:00:00+00:00', '--job-id', '8', '--raw', '--subdir', 'DAGS_FOLDER/monitoring_retraining_dag.py', '--cfg-path', '/tmp/tmpx0ivyvqt']
[2026-01-15T11:21:48.543+0000] {standard_task_runner.py:91} INFO - Job 8: Subtask branch_on_drift
[2026-01-15T11:21:48.615+0000] {task_command.py:426} INFO - Running <TaskInstance: monitoring_retraining_pipeline.branch_on_drift scheduled__2026-01-14T00:00:00+00:00 [running]> on host 9179d4cffed9
[2026-01-15T11:21:48.729+0000] {taskinstance.py:2648} INFO - Exporting env vars: AIRFLOW_CTX_DAG_OWNER='mlops' AIRFLOW_CTX_DAG_ID='monitoring_retraining_pipeline' AIRFLOW_CTX_TASK_ID='branch_on_drift' AIRFLOW_CTX_EXECUTION_DATE='2026-01-14T00:00:00+00:00' AIRFLOW_CTX_TRY_NUMBER='1' AIRFLOW_CTX_DAG_RUN_ID='scheduled__2026-01-14T00:00:00+00:00'
[2026-01-15T11:21:48.732+0000] {taskinstance.py:430} INFO - ::endgroup::
[2026-01-15T11:21:48.785+0000] {baseoperator.py:400} WARNING - BranchPythonOperator.execute cannot be called outside TaskInstance!
[2026-01-15T11:21:48.835+0000] {python.py:237} INFO - Done. Returned value was: retrain_automl
[2026-01-15T11:21:48.845+0000] {branch.py:36} INFO - Branch into retrain_automl
[2026-01-15T11:21:48.848+0000] {skipmixin.py:178} INFO - Following branch retrain_automl
[2026-01-15T11:21:48.914+0000] {skipmixin.py:246} INFO - Skipping tasks [('no_retrain', -1)]
[2026-01-15T11:21:49.018+0000] {taskinstance.py:441} INFO - ::group::Post task execution logs
[2026-01-15T11:21:49.082+0000] {taskinstance.py:1206} INFO - Marking task as SUCCESS. dag_id=monitoring_retraining_pipeline, task_id=branch_on_drift, run_id=scheduled__2026-01-14T00:00:00+00:00, execution_date=20260114T000000, start_date=20260115T112148, end_date=20260115T112149
[2026-01-15T11:21:49.159+0000] {local_task_job_runner.py:243} INFO - Task exited with return code 0
[2026-01-15T11:21:49.248+0000] {taskinstance.py:3503} INFO - 1 downstream tasks scheduled from follow-on schedule check
[2026-01-15T11:21:49.252+0000] {local_task_job_runner.py:222} INFO - ::endgroup::
